// Jest Snapshot v1, https://goo.gl/fbAQLP

exports[`MovieTable should render correctly 1`] = `ShallowWrapper {}`;
