// Jest Snapshot v1, https://goo.gl/fbAQLP

exports[`FilterDropdown should render correctly 1`] = `ShallowWrapper {}`;
