// Jest Snapshot v1, https://goo.gl/fbAQLP

exports[`CommentList should render correctly 1`] = `ShallowWrapper {}`;
